   1               		.file	"adc.c"
   2               	__SREG__ = 0x3f
   3               	__SP_H__ = 0x3e
   4               	__SP_L__ = 0x3d
   5               	__CCP__  = 0x34
   6               	__tmp_reg__ = 0
   7               	__zero_reg__ = 1
  15               	.Ltext0:
  16               	.global	get_ADC
  18               	get_ADC:
  19               	.LFB2:
  20               	.LM1:
  21               	.LVL0:
  22               	/* prologue: function */
  23               	/* frame size = 0 */
  24               	.LM2:
  25 0000 9091 7C00 		lds r25,124
  26 0004 907F      		andi r25,lo8(-16)
  27 0006 9093 7C00 		sts 124,r25
  28               	.LM3:
  29 000a 9091 7C00 		lds r25,124
  30 000e 982B      		or r25,r24
  31 0010 9093 7C00 		sts 124,r25
  32               	.LM4:
  33 0014 8091 7A00 		lds r24,122
  34               	.LVL1:
  35 0018 8064      		ori r24,lo8(64)
  36 001a 8093 7A00 		sts 122,r24
  37               	.L2:
  38               	.LM5:
  39 001e 8091 7A00 		lds r24,122
  40 0022 86FD      		sbrc r24,6
  41 0024 00C0      		rjmp .L2
  42               	.LM6:
  43 0026 8091 7900 		lds r24,121
  44               	/* epilogue start */
  45               	.LM7:
  46 002a 0895      		ret
  47               	.LFE2:
  73               	.Letext0:
DEFINED SYMBOLS
                            *ABS*:00000000 adc.c
C:\Users\RAFA~1\AppData\Local\Temp/ccilXmpJ.s:2      *ABS*:0000003f __SREG__
C:\Users\RAFA~1\AppData\Local\Temp/ccilXmpJ.s:3      *ABS*:0000003e __SP_H__
C:\Users\RAFA~1\AppData\Local\Temp/ccilXmpJ.s:4      *ABS*:0000003d __SP_L__
C:\Users\RAFA~1\AppData\Local\Temp/ccilXmpJ.s:5      *ABS*:00000034 __CCP__
C:\Users\RAFA~1\AppData\Local\Temp/ccilXmpJ.s:6      *ABS*:00000000 __tmp_reg__
C:\Users\RAFA~1\AppData\Local\Temp/ccilXmpJ.s:7      *ABS*:00000001 __zero_reg__
C:\Users\RAFA~1\AppData\Local\Temp/ccilXmpJ.s:18     .text:00000000 get_ADC

NO UNDEFINED SYMBOLS
